###############################################################################
#
# IAR ELF Linker V3.11.1.207 for STM8                     22/Jul/2025  10:45:24
# Copyright 2010-2019 IAR Systems AB.
#
#    Output file  =  
#        C:\Users\louzi2025\Desktop\ReportSoftware\July\V1.0Led\Debug\Exe\Led.out
#    Map file     =  
#        C:\Users\louzi2025\Desktop\ReportSoftware\July\V1.0Led\Debug\List\Led.map
#    Command line =  
#        -f C:\Users\LOUZI2~1\AppData\Local\Temp\EW8CB5.tmp
#        (C:\Users\louzi2025\Desktop\ReportSoftware\July\V1.0Led\Debug\Obj\74hc164.o
#        C:\Users\louzi2025\Desktop\ReportSoftware\July\V1.0Led\Debug\Obj\74hc595.o
#        C:\Users\louzi2025\Desktop\ReportSoftware\July\V1.0Led\Debug\Obj\common.o
#        C:\Users\louzi2025\Desktop\ReportSoftware\July\V1.0Led\Debug\Obj\main.o
#        --redirect _Printf=_PrintfFullNoMb --redirect _Scanf=_ScanfFullNoMb
#        --no_out_extension -o
#        C:\Users\louzi2025\Desktop\ReportSoftware\July\V1.0Led\Debug\Exe\Led.out
#        --map
#        C:\Users\louzi2025\Desktop\ReportSoftware\July\V1.0Led\Debug\List\Led.map
#        --config "C:\Program Files (x86)\IAR Systems\Embedded Workbench
#        8.3\stm8\config\lnkstm8.icf" --config_def _CSTACK_SIZE=0x100
#        --config_def _HEAP_SIZE=0x100 --entry __iar_program_start --debug_lib)
#
###############################################################################

*******************************************************************************
*** MESSAGES
***

Error[Li005]: no definition for "GPIO_WriteLow" [referenced from C:\Users\louzi
          2025\Desktop\ReportSoftware\July\V1.0Led\Debug\Obj\74hc595.o]
Error[Li005]: no definition for "GPIO_WriteHigh" [referenced from C:\Users\louz
          i2025\Desktop\ReportSoftware\July\V1.0Led\Debug\Obj\74hc595.o]


*******************************************************************************
*** RUNTIME MODEL ATTRIBUTES
***

__SystemLibrary            = DLib
__code_model               = small
__core                     = stm8
__data_model               = medium
__dlib_file_descriptor     = 0
__dlib_full_locale_support = 0
__rt_version               = 4


*******************************************************************************
*** PLACEMENT SUMMARY
***

"A0":  place at start of [0x000000-0x0000ff] { rw section .vregs };
"A1":  place at end of [0x000000-0x0017ff] { block CSTACK };
"A2":  place at start of [0x008000-0x00ffff] { block INTVEC };
"P3":  place in [from 0x008000 to 0x00ffff] {
          ro section .far.data_init, ro section .far_func.textrw_init,
          ro section .huge.data_init, ro section .huge_func.textrw_init,
          ro section .iar.init_table, ro section .init_array,
          ro section .near.data_init, ro section .near.rodata,
          ro section .near_func.text, ro section .near_func.textrw_init,
          ro section .tiny.data_init, ro section .tiny.rodata_init };
do not initialize {
   rw section .far.noinit, rw section .huge.noinit, rw section .near.noinit,
   rw section .tiny.noinit, rw section .vregs };

No sections matched the following patterns:

  ro section .far.data_init          in "P3"
  ro section .far.rodata             in "P4"
  ro section .far_func.text          in "P4"
  ro section .far_func.textrw_init   in "P3"
  ro section .huge.data_init         in "P3"
  ro section .huge.rodata            in "P5"
  ro section .huge_func.text         in "P5"
  ro section .huge_func.textrw_init  in "P3"
  ro section .iar.init_table         in "P3"
  ro section .init_array             in "P3"
  ro section .near.data_init         in "P3"
  ro section .near.rodata            in "P3"
  ro section .near_func.textrw_init  in "P3"
  ro section .tiny.data_init         in "P3"
  ro section .tiny.rodata_init       in "P3"
  rw section .eeprom.noinit          in "P6"
  rw section .far.bss                in "P2"
  rw section .far.data               in "P2"
  rw section .far.noinit             in "P2"
  rw section .far_func.textrw        in "P2"
  rw section .huge.bss               in "P2"
  rw section .huge.data              in "P2"
  rw section .huge.noinit            in "P2"
  rw section .huge_func.textrw       in "P2"
  rw section .iar.dynexit            in "P2"
  rw section .near.bss               in "P2"
  rw section .near.data              in "P2"
  rw section .near.noinit            in "P2"
  rw section .near_func.textrw       in "P2"
  rw section .tiny.bss               in "P1"
  rw section .tiny.data              in "P1"
  rw section .tiny.noinit            in "P1"
  rw section .tiny.rodata            in "P1"


  Section          Kind      Address   Size  Object
  -------          ----      -------   ----  ------
"A0":                                  0x10
  .vregs           uninit   0x000000   0x10  vregs.o [4]
                          - 0x000010   0x10

"A1":                                 0x100
  CSTACK                    0x001700  0x100  <Block>
    CSTACK         uninit   0x001700  0x100  <Block tail>
                          - 0x001800  0x100

"A2":                                  0x80
  INTVEC                    0x008000   0x80  <Block>
    .intvec        const    0x008000   0x80  interrupt.o [4]
                          - 0x008080   0x80

"P3":                                 0x15f
  .near_func.text  ro code  0x008080   0x78  74hc595.o [1]
  .near_func.text  ro code  0x0080f8   0x64  vreg_util.o [4]
  .near_func.text  ro code  0x00815c   0x14  init.o [4]
  .near_func.text  ro code  0x008170   0x14  __dbg_xxexit.o [3]
  .near_func.text  ro code  0x008184   0x13  cstartup.o [4]
  .near_func.text  ro code  0x008197    0xb  74hc595.o [1]
  .near_func.text  ro code  0x0081a2    0xb  74hc595.o [1]
  .near_func.text  ro code  0x0081ad    0xb  74hc595.o [1]
  .near_func.text  ro code  0x0081b8    0xb  74hc595.o [1]
  .near_func.text  ro code  0x0081c3    0xa  main.o [1]
  .near_func.text  ro code  0x0081cd    0x5  cexit.o [4]
  .near_func.text  ro code  0x0081d2    0x3  interrupt.o [4]
  .near_func.text  ro code  0x0081d5    0x3  low_level_init.o [4]
  .near_func.text  ro code  0x0081d8    0x3  exit.o [4]
  .near_func.text  ro code  0x0081db    0x3  unhandled_exception.o [4]
  .near_func.text  ro code  0x0081de    0x1  __dbg_break.o [3]
                          - 0x0081df  0x15f



*******************************************************************************
*** MODULE SUMMARY
***

    Module                 ro code  ro data  rw data
    ------                 -------  -------  -------
C:\Users\louzi2025\Desktop\ReportSoftware\July\V1.0Led\Debug\Obj: [1]
    74hc595.o                  164
    main.o                      10
    ------------------------------------------------
    Total:                     174

command line: [2]
    ------------------------------------------------
    Total:

dbgstm8smd.a: [3]
    __dbg_break.o                1
    __dbg_xxexit.o              20
    ------------------------------------------------
    Total:                      21

dlstm8smn.a: [4]
    cexit.o                      5
    cstartup.o                  19
    exit.o                       3
    init.o                      20
    interrupt.o                  3      128
    low_level_init.o             3
    unhandled_exception.o        3
    vreg_util.o                100
    vregs.o                                       16
    ------------------------------------------------
    Total:                     156      128       16

    Linker created                               256
----------------------------------------------------
    Grand Total:               351      128      272


*******************************************************************************
*** ENTRY LIST
***

Entry                     Address  Size  Type      Object
-----                     -------  ----  ----      ------
?b0                      0x000000        Data  Gb  vregs.o [4]
?b1                      0x000001        Data  Gb  vregs.o [4]
?b10                     0x00000a        Data  Gb  vregs.o [4]
?b11                     0x00000b        Data  Gb  vregs.o [4]
?b12                     0x00000c        Data  Gb  vregs.o [4]
?b13                     0x00000d        Data  Gb  vregs.o [4]
?b14                     0x00000e        Data  Gb  vregs.o [4]
?b15                     0x00000f        Data  Gb  vregs.o [4]
?b2                      0x000002        Data  Gb  vregs.o [4]
?b3                      0x000003        Data  Gb  vregs.o [4]
?b4                      0x000004        Data  Gb  vregs.o [4]
?b5                      0x000005        Data  Gb  vregs.o [4]
?b6                      0x000006        Data  Gb  vregs.o [4]
?b7                      0x000007        Data  Gb  vregs.o [4]
?b8                      0x000008        Data  Gb  vregs.o [4]
?b9                      0x000009        Data  Gb  vregs.o [4]
?e0                      0x000001        Data  Gb  vregs.o [4]
?e1                      0x000005        Data  Gb  vregs.o [4]
?e2                      0x000009        Data  Gb  vregs.o [4]
?e3                      0x00000d        Data  Gb  vregs.o [4]
?epilogue_l2             0x008158        Code  Gb  vreg_util.o [4]
?epilogue_l2_l3          0x008155        Code  Gb  vreg_util.o [4]
?l0                      0x000000        Data  Gb  vregs.o [4]
?l1                      0x000004        Data  Gb  vregs.o [4]
?l2                      0x000008        Data  Gb  vregs.o [4]
?l3                      0x00000c        Data  Gb  vregs.o [4]
?pop_l2                  0x008137        Code  Gb  vreg_util.o [4]
?pop_l3                  0x008142        Code  Gb  vreg_util.o [4]
?push_l2                 0x008110        Code  Gb  vreg_util.o [4]
?push_l3                 0x008115        Code  Gb  vreg_util.o [4]
?push_w4                 0x0080f8        Code  Gb  vreg_util.o [4]
?w0                      0x000000        Data  Gb  vregs.o [4]
?w1                      0x000002        Data  Gb  vregs.o [4]
?w2                      0x000004        Data  Gb  vregs.o [4]
?w3                      0x000006        Data  Gb  vregs.o [4]
?w4                      0x000008        Data  Gb  vregs.o [4]
?w5                      0x00000a        Data  Gb  vregs.o [4]
?w6                      0x00000c        Data  Gb  vregs.o [4]
?w7                      0x00000e        Data  Gb  vregs.o [4]
CSTACK$$Base             0x001700         --   Gb  - Linker created -
CSTACK$$Limit            0x001800         --   Gb  - Linker created -
HC595_GetBitClockPin     0x0081ad   0xb  Code  Gb  74hc595.o [1]
HC595_GetBitClockPort    0x0081b8   0xb  Code  Gb  74hc595.o [1]
HC595_GetDataPin         0x008197   0xb  Code  Gb  74hc595.o [1]
HC595_GetDataPort        0x0081a2   0xb  Code  Gb  74hc595.o [1]
HC595_SendByte           0x008080  0x78  Code  Gb  74hc595.o [1]
INTVEC$$Base             0x008000         --   Gb  - Linker created -
INTVEC$$Limit            0x008080         --   Gb  - Linker created -
Region$$Table$$Base    0x00000000         --   Gb  - Linker created -
Region$$Table$$Limit   0x00000000         --   Gb  - Linker created -
__DebugBreak             0x0081de   0x1  Code  Gb  __dbg_break.o [3]
__exit                   0x008170  0x14  Code  Gb  __dbg_xxexit.o [3]
__iar_data_init2         0x00815c  0x14  Code  Gb  init.o [4]
__iar_program_start      0x008184        Code  Gb  cstartup.o [4]
__iar_unhandled_exception
                         0x0081db        Code  Gb  unhandled_exception.o [4]
__intvec                 0x008000        Data  Gb  interrupt.o [4]
__low_level_init         0x0081d5   0x3  Code  Gb  low_level_init.o [4]
_exit                    0x0081cd        Code  Gb  cexit.o [4]
exit                     0x0081d8   0x3  Code  Gb  exit.o [4]
main                     0x0081c3   0xa  Code  Gb  main.o [1]


[1] = C:\Users\louzi2025\Desktop\ReportSoftware\July\V1.0Led\Debug\Obj
[2] = command line
[3] = dbgstm8smd.a
[4] = dlstm8smn.a

  351 bytes of readonly  code memory
  128 bytes of readonly  data memory
  272 bytes of readwrite data memory

Errors: 2
Warnings: none
